// Jest Snapshot v1, https://goo.gl/fbAQLP

exports[`should render correctly 1`] = `
<div
  className="row video-container visible"
>
  <div
    className="col-md-12"
  >
    <button
      className="closeVideoBtn btn btn-danger btn-md text-center"
      onClick={[MockFunction]}
      type="button"
    >
      <i
        className="fa fa-times"
      />
    </button>
    <video
      autoPlay={true}
      controls={true}
      width="100%"
    >
      <source
        src="/videos/dummy-files/Video_File.mp4"
        type="video/mp4"
      />
    </video>
    <h3
      className="nowPlayingTitle mt-2"
    >
      Now playing:
       
      Video_File
    </h3>
  </div>
</div>
`;
